Neha Kala@LAPTOP-MSHDUCNI MINGW64 ~/Desktop/Assignments (master)
$ git branch
* master

Neha Kala@LAPTOP-MSHDUCNI MINGW64 ~/Desktop/Assignments (master)
$ git branch css-assignments

Neha Kala@LAPTOP-MSHDUCNI MINGW64 ~/Desktop/Assignments (master)
$ git checkout css-assignments
Switched to branch 'css-assignments'

Neha Kala@LAPTOP-MSHDUCNI MINGW64 ~/Desktop/Assignments (css-assignments)
$ touch c1.css c2.css

Neha Kala@LAPTOP-MSHDUCNI MINGW64 ~/Desktop/Assignments (css-assignments)
$ git commit -m 'committing c1,c2 to css-assignment branch'
On branch css-assignments
Untracked files:
  (use "git add <file>..." to include in what will be committed)
        c1.css
        c2.css

nothing added to commit but untracked files present (use "git add" to track)

Neha Kala@LAPTOP-MSHDUCNI MINGW64 ~/Desktop/Assignments (css-assignments)
$ git add c1.css c2.css

Neha Kala@LAPTOP-MSHDUCNI MINGW64 ~/Desktop/Assignments (css-assignments)
$ git commit -m 'committing c1,c2 to css-assignments'
[css-assignments 9683a61] committing c1,c2 to css-assignments
 2 files changed, 2 insertions(+)
 create mode 100644 c1.css
 create mode 100644 c2.css

Neha Kala@LAPTOP-MSHDUCNI MINGW64 ~/Desktop/Assignments (css-assignments)
$ touch README.txt

Neha Kala@LAPTOP-MSHDUCNI MINGW64 ~/Desktop/Assignments (css-assignments)
$ git branch
* css-assignments
  master

Neha Kala@LAPTOP-MSHDUCNI MINGW64 ~/Desktop/Assignments (css-assignments)
$ git checkout master
Switched to branch 'master'

Neha Kala@LAPTOP-MSHDUCNI MINGW64 ~/Desktop/Assignments (master)
$ git checkout css-assignments
Switched to branch 'css-assignments'

Neha Kala@LAPTOP-MSHDUCNI MINGW64 ~/Desktop/Assignments (css-assignments)
$ git add README.txt

Neha Kala@LAPTOP-MSHDUCNI MINGW64 ~/Desktop/Assignments (css-assignments)
$ git commit -m 'commiting README file of css branch'
[css-assignments dd7ae30] commiting README file of css branch
 1 file changed, 1 insertion(+), 5 deletions(-)

Neha Kala@LAPTOP-MSHDUCNI MINGW64 ~/Desktop/Assignments (css-assignments)
$ git status
On branch css-assignments
nothing to commit, working tree clean

Neha Kala@LAPTOP-MSHDUCNI MINGW64 ~/Desktop/Assignments (css-assignments)
$ git checkout master
Switched to branch 'master'

Neha Kala@LAPTOP-MSHDUCNI MINGW64 ~/Desktop/Assignments (master)
$ git add README.txt

Neha Kala@LAPTOP-MSHDUCNI MINGW64 ~/Desktop/Assignments (master)
$ git commit -m 'changes in line 3 - master branch'
[master 9e5d267] changes in line 3 - master branch
 1 file changed, 1 insertion(+), 1 deletion(-)

Neha Kala@LAPTOP-MSHDUCNI MINGW64 ~/Desktop/Assignments (master)
$ git status
On branch master
nothing to commit, working tree clean

Neha Kala@LAPTOP-MSHDUCNI MINGW64 ~/Desktop/Assignments (master)
$ git checkout css-assignments
Switched to branch 'css-assignments'

Neha Kala@LAPTOP-MSHDUCNI MINGW64 ~/Desktop/Assignments (css-assignments)
$ git add c1.css c2.css

Neha Kala@LAPTOP-MSHDUCNI MINGW64 ~/Desktop/Assignments (css-assignments)
$ git commit -m 'added a digit in c1, c2 file'
[css-assignments 7b29b70] added a digit in c1, c2 file
 2 files changed, 4 insertions(+), 2 deletions(-)

Neha Kala@LAPTOP-MSHDUCNI MINGW64 ~/Desktop/Assignments (css-assignments)
$ git checkout master
Switched to branch 'master'

Neha Kala@LAPTOP-MSHDUCNI MINGW64 ~/Desktop/Assignments (master)
$ git merge css-assignments
Auto-merging README.txt
CONFLICT (content): Merge conflict in README.txt
Automatic merge failed; fix conflicts and then commit the result.

Neha Kala@LAPTOP-MSHDUCNI MINGW64 ~/Desktop/Assignments (master|MERGING)
$ vi README.txt

Neha Kala@LAPTOP-MSHDUCNI MINGW64 ~/Desktop/Assignments (master|MERGING)
$ git add README.txt

Neha Kala@LAPTOP-MSHDUCNI MINGW64 ~/Desktop/Assignments (master|MERGING)
$ git status
On branch master
All conflicts fixed but you are still merging.
  (use "git commit" to conclude merge)

Changes to be committed:
        modified:   README.txt
        new file:   c1.css
        new file:   c2.css


Neha Kala@LAPTOP-MSHDUCNI MINGW64 ~/Desktop/Assignments (master|MERGING)
$ git commit
[master 18fb216] Merge branch 'css-assignments'

Neha Kala@LAPTOP-MSHDUCNI MINGW64 ~/Desktop/Assignments (master)
$ graph
bash: graph: command not found

Neha Kala@LAPTOP-MSHDUCNI MINGW64 ~/Desktop/Assignments (master)
$ git branch
  css-assignments
* master

Neha Kala@LAPTOP-MSHDUCNI MINGW64 ~/Desktop/Assignments (master)
$ git branch -d css-assignments
Deleted branch css-assignments (was 7b29b70).

Neha Kala@LAPTOP-MSHDUCNI MINGW64 ~/Desktop/Assignments (master)
$ git log
commit 18fb216e954301d1af9994ac9e172703d978d788 (HEAD -> master)
Merge: 9e5d267 7b29b70
Author: Neha <nehakala02@gmail.com>
Date:   Sat Apr 10 10:54:55 2021 +0530

    Merge branch 'css-assignments'

commit 7b29b707dbbdc3a9deb610588104f62c6629847c
Author: Neha <nehakala02@gmail.com>
Date:   Sat Apr 10 10:42:46 2021 +0530

    added a digit in c1, c2 file

commit 9e5d267e5cf4d7093a37f1427f5edce13409b75e
Author: Neha <nehakala02@gmail.com>
Date:   Sat Apr 10 10:40:46 2021 +0530

    changes in line 3 - master branch

commit dd7ae30602abed0e2585928045650f05336bf1f9
Author: Neha <nehakala02@gmail.com>
Date:   Sat Apr 10 10:36:17 2021 +0530

    commiting README file of css branch

commit 9683a61eaacd596d50a7215447ef61ecdc101d32
Author: Neha <nehakala02@gmail.com>
Date:   Sat Apr 10 10:33:05 2021 +0530

    committing c1,c2 to css-assignments

