Assignments Branching
Neha Kala@LAPTOP-MSHDUCNI MINGW64 ~ (master)
$ mkdir '/c/Users/Neha Kala/Desktop/Assignments'
mkdir: cannot create directory ‘/c/Users/Neha Kala/Desktop/Assignments’: File exists

Neha Kala@LAPTOP-MSHDUCNI MINGW64 ~ (master)
$ cd

Neha Kala@LAPTOP-MSHDUCNI MINGW64 ~ (master)
$ cd'/c/Users/Neha Kala/Desktop/Assignments'
bash: cd/c/Users/Neha Kala/Desktop/Assignments: No such file or directory

Neha Kala@LAPTOP-MSHDUCNI MINGW64 ~ (master)
$ cd  '/c/Users/Neha Kala/Desktop/Assignments'

Neha Kala@LAPTOP-MSHDUCNI MINGW64 ~/Desktop/Assignments (master)
$ git init
Initialized empty Git repository in C:/Users/Neha Kala/Desktop/Assignments/.git/

Neha Kala@LAPTOP-MSHDUCNI MINGW64 ~/Desktop/Assignments (master)
$ git config --global user.name 'Neha'

Neha Kala@LAPTOP-MSHDUCNI MINGW64 ~/Desktop/Assignments (master)
$ git config --global user.email 'nehakala02@gmail.com'

Neha Kala@LAPTOP-MSHDUCNI MINGW64 ~/Desktop/Assignments (master)
$ git add README.txt

Neha Kala@LAPTOP-MSHDUCNI MINGW64 ~/Desktop/Assignments (master)
$ git commit -m 'Commit README.txt file'
[master (root-commit) a6d8e1d] Commit README.txt file
 1 file changed, 3 insertions(+)
 create mode 100644 README.txt

Neha Kala@LAPTOP-MSHDUCNI MINGW64 ~/Desktop/Assignments (master)
$ git branch
* master

Neha Kala@LAPTOP-MSHDUCNI MINGW64 ~/Desktop/Assignments (master)
$ git branch html-assignments

Neha Kala@LAPTOP-MSHDUCNI MINGW64 ~/Desktop/Assignments (master)
$ git chechout html-assignments
git: 'chechout' is not a git command. See 'git --help'.

The most similar command is
        checkout

Neha Kala@LAPTOP-MSHDUCNI MINGW64 ~/Desktop/Assignments (master)
$ git checkout html-assignments
Switched to branch 'html-assignments'

Neha Kala@LAPTOP-MSHDUCNI MINGW64 ~/Desktop/Assignments (html-assignments)
$ touch m1.html

Neha Kala@LAPTOP-MSHDUCNI MINGW64 ~/Desktop/Assignments (html-assignments)
$ touch m2.html

Neha Kala@LAPTOP-MSHDUCNI MINGW64 ~/Desktop/Assignments (html-assignments)
$ touch m3.html

Neha Kala@LAPTOP-MSHDUCNI MINGW64 ~/Desktop/Assignments (html-assignments)
$ add m1.html
bash: add: command not found

Neha Kala@LAPTOP-MSHDUCNI MINGW64 ~/Desktop/Assignments (html-assignments)
$ git add m1.html

Neha Kala@LAPTOP-MSHDUCNI MINGW64 ~/Desktop/Assignments (html-assignments)
$ git add m2.html

Neha Kala@LAPTOP-MSHDUCNI MINGW64 ~/Desktop/Assignments (html-assignments)
$ git add m3.html

Neha Kala@LAPTOP-MSHDUCNI MINGW64 ~/Desktop/Assignments (html-assignments)
$ git status
On branch html-assignments
Changes to be committed:
  (use "git restore --staged <file>..." to unstage)
        new file:   m1.html
        new file:   m2.html
        new file:   m3.html


Neha Kala@LAPTOP-MSHDUCNI MINGW64 ~/Desktop/Assignments (html-assignments)
$ git commit -m 'HTML assignments'
[html-assignments 15d721f] HTML assignments
 3 files changed, 0 insertions(+), 0 deletions(-)
 create mode 100644 m1.html
 create mode 100644 m2.html
 create mode 100644 m3.html

Neha Kala@LAPTOP-MSHDUCNI MINGW64 ~/Desktop/Assignments (html-assignments)
$ git status
On branch html-assignments
nothing to commit, working tree clean

Neha Kala@LAPTOP-MSHDUCNI MINGW64 ~/Desktop/Assignments (html-assignments)
$ git add m1.html m2.html m3.html

Neha Kala@LAPTOP-MSHDUCNI MINGW64 ~/Desktop/Assignments (html-assignments)
$ git commit -m 'commiting changes'
[html-assignments 882ecb4] commiting changes
 3 files changed, 3 insertions(+)

Neha Kala@LAPTOP-MSHDUCNI MINGW64 ~/Desktop/Assignments (html-assignments)
$ git checkout master
Switched to branch 'master'

Neha Kala@LAPTOP-MSHDUCNI MINGW64 ~/Desktop/Assignments (master)
$ git commit -m 'changes part 2 in README.txt'
On branch master
Changes not staged for commit:
  (use "git add <file>..." to update what will be committed)
  (use "git restore <file>..." to discard changes in working directory)
        modified:   README.txt

no changes added to commit (use "git add" and/or "git commit -a")

Neha Kala@LAPTOP-MSHDUCNI MINGW64 ~/Desktop/Assignments (master)
$ git add README.txt

Neha Kala@LAPTOP-MSHDUCNI MINGW64 ~/Desktop/Assignments (master)
$ git commit -m 'changes part 2 in Readme.txt'
[master ff6ea5a] changes part 2 in Readme.txt
 1 file changed, 3 insertions(+), 1 deletion(-)

Neha Kala@LAPTOP-MSHDUCNI MINGW64 ~/Desktop/Assignments (master)
$ git checkout html-assignments
Switched to branch 'html-assignments'

Neha Kala@LAPTOP-MSHDUCNI MINGW64 ~/Desktop/Assignments (html-assignments)
$ git add m1.html m2.html m3.html

Neha Kala@LAPTOP-MSHDUCNI MINGW64 ~/Desktop/Assignments (html-assignments)
$ git commit -m 'commited changes in html-assignments'
[html-assignments 92cdc2e] commited changes in html-assignments
 3 files changed, 6 insertions(+)

Neha Kala@LAPTOP-MSHDUCNI MINGW64 ~/Desktop/Assignments (html-assignments)
$ git checkout master
Switched to branch 'master'

Neha Kala@LAPTOP-MSHDUCNI MINGW64 ~/Desktop/Assignments (master)
$ git merge html-assignments
Merge made by the 'recursive' strategy.
 m1.html | 3 +++
 m2.html | 3 +++
 m3.html | 3 +++
 3 files changed, 9 insertions(+)
 create mode 100644 m1.html
 create mode 100644 m2.html
 create mode 100644 m3.html

Neha Kala@LAPTOP-MSHDUCNI MINGW64 ~/Desktop/Assignments (master)
$ git status
On branch master
nothing to commit, working tree clean

Neha Kala@LAPTOP-MSHDUCNI MINGW64 ~/Desktop/Assignments (master)
$ git branch -d html-assignments
Deleted branch html-assignments (was 92cdc2e).

Neha Kala@LAPTOP-MSHDUCNI MINGW64 ~/Desktop/Assignments (master)
$ git branch
* master

Neha Kala@LAPTOP-MSHDUCNI MINGW64 ~/Desktop/Assignments (master)
$ git log
commit dbcf8d19b982ad21f403af7e7cdcbc29e2c97961 (HEAD -> master)
Merge: ff6ea5a 92cdc2e
Author: Neha <nehakala02@gmail.com>
Date:   Sat Apr 10 10:01:33 2021 +0530

    Merge branch 'html-assignments'
    Merging both files

commit 92cdc2ee31ea63d8c09e74235379c8ab9d27f813
Author: Neha <nehakala02@gmail.com>
Date:   Sat Apr 10 09:59:50 2021 +0530

    commited changes in html-assignments

commit ff6ea5af7b10c0cb75553c513ea5e286b324ab3d
Author: Neha <nehakala02@gmail.com>
Date:   Sat Apr 10 09:55:20 2021 +0530

    changes part 2 in Readme.txt

commit 882ecb428cc498cf78515ca6491ac282c404d16f
Author: Neha <nehakala02@gmail.com>
Date:   Sat Apr 10 09:48:48 2021 +0530

    commiting changes

commit 15d721f888221346f082c6d9f6097bcf0b11fb62
Author: Neha <nehakala02@gmail.com>
Date:   Sat Apr 10 09:38:04 2021 +0530

    HTML assignments

Neha Kala@LAPTOP-MSHDUCNI MINGW64 ~/Desktop/Assignments (master)
$
